// Jest Snapshot v1, https://goo.gl/fbAQLP

exports[`<SpeedTest /> Should render component. 1`] = `
<DocumentFragment>
  <h1>
    NetMetr
  </h1>
  <p>
    NetMetr measures your internet parameters like upload, download and response time.
  </p>
  <div
    class="card p-4"
  >
    <h2>
      Speed Test
    </h2>
    <div
      class="row mb-2"
    >
      <div
        class="col-12 col-md-4 col-lg-2"
      >
        <button
          class="btn btn btn-primary col-sm-12 mb-2"
          id="start-test-button"
          type="button"
        >
          Start test
        </button>
      </div>
      <div
        class="col-12 col-md-8 col-lg-10"
      >
        <div
          class="progress mb-2"
        >
          <div
            aria-valuemax="100"
            aria-valuemin="0"
            aria-valuenow="0"
            class="progress-bar progress-bar-striped progress-bar-animated bg-success text-uppercase"
            id="progressbar"
            role="progressbar"
            style="width: 0%; font-size: 11px;"
          />
        </div>
      </div>
    </div>
    <h2>
      Results
      <button
        class="btn btn btn-outline-primary float-right"
        id="redownload-data-button"
        type="button"
      >
        Redownload data
      </button>
    </h2>
    <div
      class="table-responsive"
    >
      <table
        class="table table-hover text-center"
      >
        <thead
          class="thead-light"
        >
          <tr>
            <th
              scope="col"
            >
              Date and Time
            </th>
            <th
              scope="col"
            >
              Download [Mb/s]
            </th>
            <th
              scope="col"
            >
              Upload [Mb/s]
            </th>
            <th
              scope="col"
            >
              Ping [ms]
            </th>
            <th
              scope="col"
            >
              Link
            </th>
          </tr>
        </thead>
        <tbody>
          <tr>
            <td>
              4/8/2020 5:09 PM
            </td>
            <td>
              30
            </td>
            <td>
              29
            </td>
            <td>
              0.89
            </td>
            <td>
              <a
                href="https://www.netmetr.cz/en/detail.html?1234-1234-1234-1234-1"
                rel="noopener noreferrer"
                target="_blank"
              >
                Details
                <sup>
                  <i
                    class="fas fa-external-link-alt ml-1"
                  />
                </sup>
              </a>
            </td>
          </tr>
          <tr>
            <td>
              4/8/2020 4:11 PM
            </td>
            <td>
              30
            </td>
            <td>
              29
            </td>
            <td>
              0.81
            </td>
            <td>
              <a
                href="https://www.netmetr.cz/en/detail.html?1234-1234-1234-1234-2"
                rel="noopener noreferrer"
                target="_blank"
              >
                Details
                <sup>
                  <i
                    class="fas fa-external-link-alt ml-1"
                  />
                </sup>
              </a>
            </td>
          </tr>
          <tr>
            <td>
              4/8/2020 3:17 PM
            </td>
            <td>
              30
            </td>
            <td>
              29
            </td>
            <td>
              0.81
            </td>
            <td>
              <a
                href="https://www.netmetr.cz/en/detail.html?1234-1234-1234-1234-3"
                rel="noopener noreferrer"
                target="_blank"
              >
                Details
                <sup>
                  <i
                    class="fas fa-external-link-alt ml-1"
                  />
                </sup>
              </a>
            </td>
          </tr>
          <tr>
            <td>
              4/8/2020 2:30 PM
            </td>
            <td>
              30
            </td>
            <td>
              29
            </td>
            <td>
              0.81
            </td>
            <td>
              <a
                href="https://www.netmetr.cz/en/detail.html?1234-1234-1234-1234-4"
                rel="noopener noreferrer"
                target="_blank"
              >
                Details
                <sup>
                  <i
                    class="fas fa-external-link-alt ml-1"
                  />
                </sup>
              </a>
            </td>
          </tr>
          <tr>
            <td>
              4/8/2020 1:01 PM
            </td>
            <td>
              30
            </td>
            <td>
              30
            </td>
            <td>
              0.86
            </td>
            <td>
              <a
                href="https://www.netmetr.cz/en/detail.html?1234-1234-1234-1234-5"
                rel="noopener noreferrer"
                target="_blank"
              >
                Details
                <sup>
                  <i
                    class="fas fa-external-link-alt ml-1"
                  />
                </sup>
              </a>
            </td>
          </tr>
          <tr>
            <td>
              4/8/2020 12:16 PM
            </td>
            <td>
              30
            </td>
            <td>
              29
            </td>
            <td>
              0.83
            </td>
            <td>
              <a
                href="https://www.netmetr.cz/en/detail.html?1234-1234-1234-1234-6"
                rel="noopener noreferrer"
                target="_blank"
              >
                Details
                <sup>
                  <i
                    class="fas fa-external-link-alt ml-1"
                  />
                </sup>
              </a>
            </td>
          </tr>
          <tr>
            <td>
              4/8/2020 11:01 AM
            </td>
            <td>
              30
            </td>
            <td>
              29
            </td>
            <td>
              0.84
            </td>
            <td>
              <a
                href="https://www.netmetr.cz/en/detail.html?1234-1234-1234-1234-7"
                rel="noopener noreferrer"
                target="_blank"
              >
                Details
                <sup>
                  <i
                    class="fas fa-external-link-alt ml-1"
                  />
                </sup>
              </a>
            </td>
          </tr>
          <tr>
            <td>
              4/8/2020 10:03 AM
            </td>
            <td>
              30
            </td>
            <td>
              29
            </td>
            <td>
              0.84
            </td>
            <td>
              <a
                href="https://www.netmetr.cz/en/detail.html?1234-1234-1234-1234-8"
                rel="noopener noreferrer"
                target="_blank"
              >
                Details
                <sup>
                  <i
                    class="fas fa-external-link-alt ml-1"
                  />
                </sup>
              </a>
            </td>
          </tr>
          <tr>
            <td>
              4/8/2020 9:18 AM
            </td>
            <td>
              30
            </td>
            <td>
              30
            </td>
            <td>
              0.84
            </td>
            <td>
              <a
                href="https://www.netmetr.cz/en/detail.html?1234-1234-1234-1234-9"
                rel="noopener noreferrer"
                target="_blank"
              >
                Details
                <sup>
                  <i
                    class="fas fa-external-link-alt ml-1"
                  />
                </sup>
              </a>
            </td>
          </tr>
          <tr>
            <td>
              4/8/2020 8:05 AM
            </td>
            <td>
              30
            </td>
            <td>
              29
            </td>
            <td>
              0.83
            </td>
            <td>
              <a
                href="https://www.netmetr.cz/en/detail.html?1234-1234-1234-1234-10"
                rel="noopener noreferrer"
                target="_blank"
              >
                Details
                <sup>
                  <i
                    class="fas fa-external-link-alt ml-1"
                  />
                </sup>
              </a>
            </td>
          </tr>
        </tbody>
      </table>
    </div>
  </div>
</DocumentFragment>
`;
