// Jest Snapshot v1, https://goo.gl/fbAQLP

exports[`<SpeedTest /> Should render component. 1`] = `
<DocumentFragment>
  <h1>
    NetMetr
  </h1>
  <p>
    NetMeter measures your internet parameters like upload, download and response time.
  </p>
  <h3>
    Speed Test
  </h3>
  <div
    class="row"
  >
    <div
      class="col-lg-3 col-sm-12"
    >
      <button
        class="btn btn btn-primary col-sm-12"
        id="start-test-button"
        type="button"
      >
          Start test
      </button>
    </div>
    <div
      class="col-lg-9 col-sm-12"
    />
  </div>
  <h3>
    Results
  </h3>
  <button
    class="btn btn-outline-info btn-sm"
    id="redownload-data-button"
    type="button"
  >
      Redownload data
  </button>
  <table
    class="table table-hover text-center"
  >
    <thead>
      <tr>
        <th
          scope="col"
        >
          Date and Time
        </th>
        <th
          scope="col"
        >
          Download [Mb/s]
        </th>
        <th
          scope="col"
        >
          Upload [Mb/s]
        </th>
        <th
          scope="col"
        >
          Ping [ms]
        </th>
        <th
          scope="col"
        >
          Link
        </th>
      </tr>
    </thead>
    <tbody>
      <tr>
        <td>
          4/8/2020 5:09 PM
        </td>
        <td>
          30
        </td>
        <td>
          29
        </td>
        <td>
          0.89
        </td>
        <td>
          <a
            href="https://www.netmetr.cz/en/detail.html?1234-1234-1234-1234-1"
          >
            Details 
            <i
              class="fas fa-external-link-alt"
            />
          </a>
        </td>
      </tr>
      <tr>
        <td>
          4/8/2020 4:11 PM
        </td>
        <td>
          30
        </td>
        <td>
          29
        </td>
        <td>
          0.81
        </td>
        <td>
          <a
            href="https://www.netmetr.cz/en/detail.html?1234-1234-1234-1234-2"
          >
            Details 
            <i
              class="fas fa-external-link-alt"
            />
          </a>
        </td>
      </tr>
      <tr>
        <td>
          4/8/2020 3:17 PM
        </td>
        <td>
          30
        </td>
        <td>
          29
        </td>
        <td>
          0.81
        </td>
        <td>
          <a
            href="https://www.netmetr.cz/en/detail.html?1234-1234-1234-1234-3"
          >
            Details 
            <i
              class="fas fa-external-link-alt"
            />
          </a>
        </td>
      </tr>
      <tr>
        <td>
          4/8/2020 2:30 PM
        </td>
        <td>
          30
        </td>
        <td>
          29
        </td>
        <td>
          0.81
        </td>
        <td>
          <a
            href="https://www.netmetr.cz/en/detail.html?1234-1234-1234-1234-4"
          >
            Details 
            <i
              class="fas fa-external-link-alt"
            />
          </a>
        </td>
      </tr>
      <tr>
        <td>
          4/8/2020 1:01 PM
        </td>
        <td>
          30
        </td>
        <td>
          30
        </td>
        <td>
          0.86
        </td>
        <td>
          <a
            href="https://www.netmetr.cz/en/detail.html?1234-1234-1234-1234-5"
          >
            Details 
            <i
              class="fas fa-external-link-alt"
            />
          </a>
        </td>
      </tr>
      <tr>
        <td>
          4/8/2020 12:16 PM
        </td>
        <td>
          30
        </td>
        <td>
          29
        </td>
        <td>
          0.83
        </td>
        <td>
          <a
            href="https://www.netmetr.cz/en/detail.html?1234-1234-1234-1234-6"
          >
            Details 
            <i
              class="fas fa-external-link-alt"
            />
          </a>
        </td>
      </tr>
      <tr>
        <td>
          4/8/2020 11:01 AM
        </td>
        <td>
          30
        </td>
        <td>
          29
        </td>
        <td>
          0.84
        </td>
        <td>
          <a
            href="https://www.netmetr.cz/en/detail.html?1234-1234-1234-1234-7"
          >
            Details 
            <i
              class="fas fa-external-link-alt"
            />
          </a>
        </td>
      </tr>
      <tr>
        <td>
          4/8/2020 10:03 AM
        </td>
        <td>
          30
        </td>
        <td>
          29
        </td>
        <td>
          0.84
        </td>
        <td>
          <a
            href="https://www.netmetr.cz/en/detail.html?1234-1234-1234-1234-8"
          >
            Details 
            <i
              class="fas fa-external-link-alt"
            />
          </a>
        </td>
      </tr>
      <tr>
        <td>
          4/8/2020 9:18 AM
        </td>
        <td>
          30
        </td>
        <td>
          30
        </td>
        <td>
          0.84
        </td>
        <td>
          <a
            href="https://www.netmetr.cz/en/detail.html?1234-1234-1234-1234-9"
          >
            Details 
            <i
              class="fas fa-external-link-alt"
            />
          </a>
        </td>
      </tr>
      <tr>
        <td>
          4/8/2020 8:05 AM
        </td>
        <td>
          30
        </td>
        <td>
          29
        </td>
        <td>
          0.83
        </td>
        <td>
          <a
            href="https://www.netmetr.cz/en/detail.html?1234-1234-1234-1234-10"
          >
            Details 
            <i
              class="fas fa-external-link-alt"
            />
          </a>
        </td>
      </tr>
    </tbody>
  </table>
</DocumentFragment>
`;
